// Vitest Snapshot v1, https://vitest.dev/guide/snapshot.html

exports[`claude agent sdk auto-instrumentation via node hook collects the shared claude agent trace contract > span-events 1`] = `
[
  {
    "has_input": false,
    "has_output": false,
    "metadata": {
      "scenario": "claude-agent-sdk-auto-instrumentation-node-hook",
    },
    "metric_keys": [],
    "name": "claude-agent-sdk-auto-hook-root",
    "root_span_id": "<span:1>",
    "span_id": "<span:1>",
    "span_parents": [],
    "type": "task",
  },
  {
    "has_input": false,
    "has_output": false,
    "metadata": {
      "operation": "basic",
    },
    "metric_keys": [],
    "name": "claude-agent-basic-operation",
    "root_span_id": "<span:1>",
    "span_id": "<span:2>",
    "span_parents": [
      "<span:1>",
    ],
    "type": null,
  },
  {
    "has_input": true,
    "has_output": true,
    "metadata": {
      "model": "claude-e2e-mock",
    },
    "metric_keys": [],
    "name": "Claude Agent",
    "root_span_id": "<span:1>",
    "span_id": "<span:3>",
    "span_parents": [
      "<span:2>",
    ],
    "type": "task",
  },
  {
    "has_input": true,
    "has_output": true,
    "metadata": {
      "model": "claude-e2e-mock",
    },
    "metric_keys": [
      "completion_tokens",
      "prompt_tokens",
      "tokens",
    ],
    "name": "anthropic.messages.create",
    "root_span_id": "<span:1>",
    "span_id": "<span:4>",
    "span_parents": [
      "<span:3>",
    ],
    "type": "llm",
  },
  {
    "has_input": false,
    "has_output": false,
    "metadata": {
      "operation": "async-prompt",
    },
    "metric_keys": [],
    "name": "claude-agent-async-prompt-operation",
    "root_span_id": "<span:1>",
    "span_id": "<span:5>",
    "span_parents": [
      "<span:1>",
    ],
    "type": null,
  },
  {
    "has_input": true,
    "has_output": true,
    "metadata": {
      "model": "claude-e2e-mock",
    },
    "metric_keys": [],
    "name": "Claude Agent",
    "root_span_id": "<span:1>",
    "span_id": "<span:6>",
    "span_parents": [
      "<span:5>",
    ],
    "type": "task",
  },
  {
    "has_input": false,
    "has_output": false,
    "metadata": {
      "operation": "subagent",
    },
    "metric_keys": [],
    "name": "claude-agent-subagent-operation",
    "root_span_id": "<span:1>",
    "span_id": "<span:7>",
    "span_parents": [
      "<span:1>",
    ],
    "type": null,
  },
  {
    "has_input": true,
    "has_output": true,
    "metadata": {
      "model": "claude-e2e-mock",
    },
    "metric_keys": [],
    "name": "Claude Agent",
    "root_span_id": "<span:1>",
    "span_id": "<span:8>",
    "span_parents": [
      "<span:7>",
    ],
    "type": "task",
  },
  {
    "has_input": true,
    "has_output": true,
    "metadata": {
      "model": "claude-e2e-mock",
    },
    "metric_keys": [
      "completion_tokens",
      "prompt_tokens",
      "tokens",
    ],
    "name": "anthropic.messages.create",
    "root_span_id": "<span:1>",
    "span_id": "<span:9>",
    "span_parents": [
      "<span:8>",
    ],
    "type": "llm",
  },
  {
    "has_input": false,
    "has_output": false,
    "metadata": {
      "operation": "failure",
    },
    "metric_keys": [],
    "name": "claude-agent-failure-operation",
    "root_span_id": "<span:1>",
    "span_id": "<span:10>",
    "span_parents": [
      "<span:1>",
    ],
    "type": null,
  },
  {
    "has_input": true,
    "has_output": true,
    "metadata": {
      "model": "claude-e2e-mock",
    },
    "metric_keys": [],
    "name": "Claude Agent",
    "root_span_id": "<span:1>",
    "span_id": "<span:11>",
    "span_parents": [
      "<span:10>",
    ],
    "type": "task",
  },
  {
    "has_input": true,
    "has_output": true,
    "metadata": {
      "model": "claude-e2e-mock",
    },
    "metric_keys": [
      "completion_tokens",
      "prompt_tokens",
      "tokens",
    ],
    "name": "anthropic.messages.create",
    "root_span_id": "<span:1>",
    "span_id": "<span:12>",
    "span_parents": [
      "<span:11>",
    ],
    "type": "llm",
  },
]
`;
