// Vitest Snapshot v1, https://vitest.dev/guide/snapshot.html

exports[`otel-compat-mixed-tracing unifies Braintrust and OTEL spans into one trace > braintrust-span-events 1`] = `
[
  {
    "error": null,
    "input": null,
    "metadata": {
      "scenario": "otel-compat-mixed-tracing",
      "testRunId": "<run:1>",
    },
    "name": "bt-root",
    "output": null,
    "root_span_id": "<span:2>",
    "span_attributes": {
      "exec_counter": 0,
      "name": "bt-root",
      "type": "task",
    },
    "span_id": "<span:1>",
    "span_parents": null,
  },
  {
    "error": null,
    "input": null,
    "metadata": {
      "kind": "bt-child-under-otel",
      "testRunId": "<run:1>",
    },
    "name": "bt-child-under-otel",
    "output": {
      "source": "otel-child-context",
    },
    "root_span_id": "<span:2>",
    "span_attributes": {
      "exec_counter": 1,
      "name": "bt-child-under-otel",
      "type": "task",
    },
    "span_id": "<span:3>",
    "span_parents": [
      "<span:4>",
    ],
  },
]
`;
