// Vitest Snapshot v1, https://vitest.dev/guide/snapshot.html

exports[`openai auto-instrumentation via node hook collects traces without manual wrapping (openai 4.104.0) > span-events 1`] = `
[
  {
    "has_input": false,
    "has_output": false,
    "metadata": {
      "has_model": false,
      "openaiSdkVersion": "4.104.0",
      "operation": null,
      "provider": null,
      "scenario": "openai-auto-instrumentation-node-hook",
    },
    "metric_keys": [],
    "name": "openai-auto-hook-root",
    "root_span_id": "<span:1>",
    "span_id": "<span:1>",
    "span_parents": [],
    "type": "task",
  },
  {
    "has_input": false,
    "has_output": false,
    "metadata": {
      "has_model": false,
      "openaiSdkVersion": null,
      "operation": null,
      "provider": null,
      "scenario": null,
    },
    "metric_keys": [],
    "name": "openai-chat-operation",
    "root_span_id": "<span:1>",
    "span_id": "<span:2>",
    "span_parents": [
      "<span:1>",
    ],
    "type": null,
  },
  {
    "has_input": true,
    "has_output": true,
    "metadata": {
      "has_model": true,
      "openaiSdkVersion": null,
      "operation": null,
      "provider": "openai",
      "scenario": null,
    },
    "metric_keys": [
      "completion_accepted_prediction_tokens",
      "completion_audio_tokens",
      "completion_reasoning_tokens",
      "completion_rejected_prediction_tokens",
      "completion_tokens",
      "prompt_audio_tokens",
      "prompt_cached_tokens",
      "prompt_tokens",
      "time_to_first_token",
      "tokens",
    ],
    "name": "Chat Completion",
    "root_span_id": "<span:1>",
    "span_id": "<span:3>",
    "span_parents": [
      "<span:2>",
    ],
    "type": "llm",
  },
  {
    "has_input": false,
    "has_output": false,
    "metadata": {
      "has_model": false,
      "openaiSdkVersion": null,
      "operation": null,
      "provider": null,
      "scenario": null,
    },
    "metric_keys": [],
    "name": "openai-chat-with-response-operation",
    "root_span_id": "<span:1>",
    "span_id": "<span:4>",
    "span_parents": [
      "<span:1>",
    ],
    "type": null,
  },
  {
    "has_input": true,
    "has_output": true,
    "metadata": {
      "has_model": true,
      "openaiSdkVersion": null,
      "operation": null,
      "provider": "openai",
      "scenario": null,
    },
    "metric_keys": [
      "completion_accepted_prediction_tokens",
      "completion_audio_tokens",
      "completion_reasoning_tokens",
      "completion_rejected_prediction_tokens",
      "completion_tokens",
      "prompt_audio_tokens",
      "prompt_cached_tokens",
      "prompt_tokens",
      "time_to_first_token",
      "tokens",
    ],
    "name": "Chat Completion",
    "root_span_id": "<span:1>",
    "span_id": "<span:5>",
    "span_parents": [
      "<span:4>",
    ],
    "type": "llm",
  },
  {
    "has_input": false,
    "has_output": false,
    "metadata": {
      "has_model": false,
      "openaiSdkVersion": null,
      "operation": null,
      "provider": null,
      "scenario": null,
    },
    "metric_keys": [],
    "name": "openai-stream-operation",
    "root_span_id": "<span:1>",
    "span_id": "<span:6>",
    "span_parents": [
      "<span:1>",
    ],
    "type": null,
  },
  {
    "has_input": true,
    "has_output": true,
    "metadata": {
      "has_model": true,
      "openaiSdkVersion": null,
      "operation": null,
      "provider": "openai",
      "scenario": null,
    },
    "metric_keys": [
      "completion_accepted_prediction_tokens",
      "completion_audio_tokens",
      "completion_reasoning_tokens",
      "completion_rejected_prediction_tokens",
      "completion_tokens",
      "prompt_audio_tokens",
      "prompt_cached_tokens",
      "prompt_tokens",
      "time_to_first_token",
      "tokens",
    ],
    "name": "Chat Completion",
    "root_span_id": "<span:1>",
    "span_id": "<span:7>",
    "span_parents": [
      "<span:6>",
    ],
    "type": "llm",
  },
  {
    "has_input": false,
    "has_output": false,
    "metadata": {
      "has_model": false,
      "openaiSdkVersion": null,
      "operation": null,
      "provider": null,
      "scenario": null,
    },
    "metric_keys": [],
    "name": "openai-stream-with-response-operation",
    "root_span_id": "<span:1>",
    "span_id": "<span:8>",
    "span_parents": [
      "<span:1>",
    ],
    "type": null,
  },
  {
    "has_input": true,
    "has_output": true,
    "metadata": {
      "has_model": true,
      "openaiSdkVersion": null,
      "operation": null,
      "provider": "openai",
      "scenario": null,
    },
    "metric_keys": [
      "completion_accepted_prediction_tokens",
      "completion_audio_tokens",
      "completion_reasoning_tokens",
      "completion_rejected_prediction_tokens",
      "completion_tokens",
      "prompt_audio_tokens",
      "prompt_cached_tokens",
      "prompt_tokens",
      "time_to_first_token",
      "tokens",
    ],
    "name": "Chat Completion",
    "root_span_id": "<span:1>",
    "span_id": "<span:9>",
    "span_parents": [
      "<span:8>",
    ],
    "type": "llm",
  },
  {
    "has_input": false,
    "has_output": false,
    "metadata": {
      "has_model": false,
      "openaiSdkVersion": null,
      "operation": null,
      "provider": null,
      "scenario": null,
    },
    "metric_keys": [],
    "name": "openai-parse-operation",
    "root_span_id": "<span:1>",
    "span_id": "<span:10>",
    "span_parents": [
      "<span:1>",
    ],
    "type": null,
  },
  {
    "has_input": true,
    "has_output": true,
    "metadata": {
      "has_model": true,
      "openaiSdkVersion": null,
      "operation": null,
      "provider": "openai",
      "scenario": null,
    },
    "metric_keys": [
      "completion_accepted_prediction_tokens",
      "completion_audio_tokens",
      "completion_reasoning_tokens",
      "completion_rejected_prediction_tokens",
      "completion_tokens",
      "prompt_audio_tokens",
      "prompt_cached_tokens",
      "prompt_tokens",
      "time_to_first_token",
      "tokens",
    ],
    "name": "Chat Completion",
    "root_span_id": "<span:1>",
    "span_id": "<span:11>",
    "span_parents": [
      "<span:10>",
    ],
    "type": "llm",
  },
  {
    "has_input": false,
    "has_output": false,
    "metadata": {
      "has_model": false,
      "openaiSdkVersion": null,
      "operation": null,
      "provider": null,
      "scenario": null,
    },
    "metric_keys": [],
    "name": "openai-sync-stream-operation",
    "root_span_id": "<span:1>",
    "span_id": "<span:12>",
    "span_parents": [
      "<span:1>",
    ],
    "type": null,
  },
  {
    "has_input": true,
    "has_output": true,
    "metadata": {
      "has_model": true,
      "openaiSdkVersion": null,
      "operation": null,
      "provider": "openai",
      "scenario": null,
    },
    "metric_keys": [
      "time_to_first_token",
    ],
    "name": "Chat Completion",
    "root_span_id": "<span:1>",
    "span_id": "<span:13>",
    "span_parents": [
      "<span:12>",
    ],
    "type": "llm",
  },
  {
    "has_input": false,
    "has_output": false,
    "metadata": {
      "has_model": false,
      "openaiSdkVersion": null,
      "operation": null,
      "provider": null,
      "scenario": null,
    },
    "metric_keys": [],
    "name": "openai-embeddings-operation",
    "root_span_id": "<span:1>",
    "span_id": "<span:14>",
    "span_parents": [
      "<span:1>",
    ],
    "type": null,
  },
  {
    "has_input": true,
    "has_output": true,
    "metadata": {
      "has_model": true,
      "openaiSdkVersion": null,
      "operation": null,
      "provider": "openai",
      "scenario": null,
    },
    "metric_keys": [
      "prompt_tokens",
      "tokens",
    ],
    "name": "Embedding",
    "root_span_id": "<span:1>",
    "span_id": "<span:15>",
    "span_parents": [
      "<span:14>",
    ],
    "type": "llm",
  },
  {
    "has_input": false,
    "has_output": false,
    "metadata": {
      "has_model": false,
      "openaiSdkVersion": null,
      "operation": null,
      "provider": null,
      "scenario": null,
    },
    "metric_keys": [],
    "name": "openai-moderations-operation",
    "root_span_id": "<span:1>",
    "span_id": "<span:16>",
    "span_parents": [
      "<span:1>",
    ],
    "type": null,
  },
  {
    "has_input": true,
    "has_output": true,
    "metadata": {
      "has_model": true,
      "openaiSdkVersion": null,
      "operation": null,
      "provider": "openai",
      "scenario": null,
    },
    "metric_keys": [],
    "name": "Moderation",
    "root_span_id": "<span:1>",
    "span_id": "<span:17>",
    "span_parents": [
      "<span:16>",
    ],
    "type": "llm",
  },
  {
    "has_input": false,
    "has_output": false,
    "metadata": {
      "has_model": false,
      "openaiSdkVersion": null,
      "operation": null,
      "provider": null,
      "scenario": null,
    },
    "metric_keys": [],
    "name": "openai-responses-operation",
    "root_span_id": "<span:1>",
    "span_id": "<span:18>",
    "span_parents": [
      "<span:1>",
    ],
    "type": null,
  },
  {
    "has_input": true,
    "has_output": true,
    "metadata": {
      "has_model": true,
      "openaiSdkVersion": null,
      "operation": null,
      "provider": "openai",
      "scenario": null,
    },
    "metric_keys": [
      "completion_reasoning_tokens",
      "completion_tokens",
      "prompt_cached_tokens",
      "prompt_tokens",
      "time_to_first_token",
      "tokens",
    ],
    "name": "openai.responses.create",
    "root_span_id": "<span:1>",
    "span_id": "<span:19>",
    "span_parents": [
      "<span:18>",
    ],
    "type": "llm",
  },
  {
    "has_input": false,
    "has_output": false,
    "metadata": {
      "has_model": false,
      "openaiSdkVersion": null,
      "operation": null,
      "provider": null,
      "scenario": null,
    },
    "metric_keys": [],
    "name": "openai-responses-with-response-operation",
    "root_span_id": "<span:1>",
    "span_id": "<span:20>",
    "span_parents": [
      "<span:1>",
    ],
    "type": null,
  },
  {
    "has_input": true,
    "has_output": true,
    "metadata": {
      "has_model": true,
      "openaiSdkVersion": null,
      "operation": null,
      "provider": "openai",
      "scenario": null,
    },
    "metric_keys": [
      "completion_reasoning_tokens",
      "completion_tokens",
      "prompt_cached_tokens",
      "prompt_tokens",
      "time_to_first_token",
      "tokens",
    ],
    "name": "openai.responses.create",
    "root_span_id": "<span:1>",
    "span_id": "<span:21>",
    "span_parents": [
      "<span:20>",
    ],
    "type": "llm",
  },
  {
    "has_input": false,
    "has_output": false,
    "metadata": {
      "has_model": false,
      "openaiSdkVersion": null,
      "operation": null,
      "provider": null,
      "scenario": null,
    },
    "metric_keys": [],
    "name": "openai-responses-create-stream-operation",
    "root_span_id": "<span:1>",
    "span_id": "<span:22>",
    "span_parents": [
      "<span:1>",
    ],
    "type": null,
  },
  {
    "has_input": true,
    "has_output": true,
    "metadata": {
      "has_model": true,
      "openaiSdkVersion": null,
      "operation": null,
      "provider": "openai",
      "scenario": null,
    },
    "metric_keys": [
      "completion_reasoning_tokens",
      "completion_tokens",
      "prompt_cached_tokens",
      "prompt_tokens",
      "time_to_first_token",
      "tokens",
    ],
    "name": "openai.responses.create",
    "root_span_id": "<span:1>",
    "span_id": "<span:23>",
    "span_parents": [
      "<span:22>",
    ],
    "type": "llm",
  },
  {
    "has_input": false,
    "has_output": false,
    "metadata": {
      "has_model": false,
      "openaiSdkVersion": null,
      "operation": null,
      "provider": null,
      "scenario": null,
    },
    "metric_keys": [],
    "name": "openai-responses-stream-operation",
    "root_span_id": "<span:1>",
    "span_id": "<span:24>",
    "span_parents": [
      "<span:1>",
    ],
    "type": null,
  },
  {
    "has_input": true,
    "has_output": true,
    "metadata": {
      "has_model": true,
      "openaiSdkVersion": null,
      "operation": null,
      "provider": "openai",
      "scenario": null,
    },
    "metric_keys": [
      "completion_reasoning_tokens",
      "completion_tokens",
      "prompt_cached_tokens",
      "prompt_tokens",
      "time_to_first_token",
      "tokens",
    ],
    "name": "openai.responses.create",
    "root_span_id": "<span:1>",
    "span_id": "<span:25>",
    "span_parents": [
      "<span:24>",
    ],
    "type": "llm",
  },
  {
    "has_input": false,
    "has_output": false,
    "metadata": {
      "has_model": false,
      "openaiSdkVersion": null,
      "operation": null,
      "provider": null,
      "scenario": null,
    },
    "metric_keys": [],
    "name": "openai-responses-stream-partial-operation",
    "root_span_id": "<span:1>",
    "span_id": "<span:26>",
    "span_parents": [
      "<span:1>",
    ],
    "type": null,
  },
  {
    "has_input": true,
    "has_output": false,
    "metadata": {
      "has_model": true,
      "openaiSdkVersion": null,
      "operation": null,
      "provider": "openai",
      "scenario": null,
    },
    "metric_keys": [
      "time_to_first_token",
    ],
    "name": "openai.responses.create",
    "root_span_id": "<span:1>",
    "span_id": "<span:27>",
    "span_parents": [
      "<span:26>",
    ],
    "type": "llm",
  },
  {
    "has_input": false,
    "has_output": false,
    "metadata": {
      "has_model": false,
      "openaiSdkVersion": null,
      "operation": null,
      "provider": null,
      "scenario": null,
    },
    "metric_keys": [],
    "name": "openai-responses-parse-operation",
    "root_span_id": "<span:1>",
    "span_id": "<span:28>",
    "span_parents": [
      "<span:1>",
    ],
    "type": null,
  },
  {
    "has_input": true,
    "has_output": true,
    "metadata": {
      "has_model": true,
      "openaiSdkVersion": null,
      "operation": null,
      "provider": "openai",
      "scenario": null,
    },
    "metric_keys": [
      "completion_reasoning_tokens",
      "completion_tokens",
      "prompt_cached_tokens",
      "prompt_tokens",
      "time_to_first_token",
      "tokens",
    ],
    "name": "openai.responses.parse",
    "root_span_id": "<span:1>",
    "span_id": "<span:29>",
    "span_parents": [
      "<span:28>",
    ],
    "type": "llm",
  },
]
`;

exports[`openai auto-instrumentation via node hook collects traces without manual wrapping (openai 5.11.0) > span-events 1`] = `
[
  {
    "has_input": false,
    "has_output": false,
    "metadata": {
      "has_model": false,
      "openaiSdkVersion": "5.11.0",
      "operation": null,
      "provider": null,
      "scenario": "openai-auto-instrumentation-node-hook",
    },
    "metric_keys": [],
    "name": "openai-auto-hook-root",
    "root_span_id": "<span:1>",
    "span_id": "<span:1>",
    "span_parents": [],
    "type": "task",
  },
  {
    "has_input": false,
    "has_output": false,
    "metadata": {
      "has_model": false,
      "openaiSdkVersion": null,
      "operation": null,
      "provider": null,
      "scenario": null,
    },
    "metric_keys": [],
    "name": "openai-chat-operation",
    "root_span_id": "<span:1>",
    "span_id": "<span:2>",
    "span_parents": [
      "<span:1>",
    ],
    "type": null,
  },
  {
    "has_input": true,
    "has_output": true,
    "metadata": {
      "has_model": true,
      "openaiSdkVersion": null,
      "operation": null,
      "provider": "openai",
      "scenario": null,
    },
    "metric_keys": [
      "completion_accepted_prediction_tokens",
      "completion_audio_tokens",
      "completion_reasoning_tokens",
      "completion_rejected_prediction_tokens",
      "completion_tokens",
      "prompt_audio_tokens",
      "prompt_cached_tokens",
      "prompt_tokens",
      "time_to_first_token",
      "tokens",
    ],
    "name": "Chat Completion",
    "root_span_id": "<span:1>",
    "span_id": "<span:3>",
    "span_parents": [
      "<span:2>",
    ],
    "type": "llm",
  },
  {
    "has_input": false,
    "has_output": false,
    "metadata": {
      "has_model": false,
      "openaiSdkVersion": null,
      "operation": null,
      "provider": null,
      "scenario": null,
    },
    "metric_keys": [],
    "name": "openai-chat-with-response-operation",
    "root_span_id": "<span:1>",
    "span_id": "<span:4>",
    "span_parents": [
      "<span:1>",
    ],
    "type": null,
  },
  {
    "has_input": true,
    "has_output": true,
    "metadata": {
      "has_model": true,
      "openaiSdkVersion": null,
      "operation": null,
      "provider": "openai",
      "scenario": null,
    },
    "metric_keys": [
      "completion_accepted_prediction_tokens",
      "completion_audio_tokens",
      "completion_reasoning_tokens",
      "completion_rejected_prediction_tokens",
      "completion_tokens",
      "prompt_audio_tokens",
      "prompt_cached_tokens",
      "prompt_tokens",
      "time_to_first_token",
      "tokens",
    ],
    "name": "Chat Completion",
    "root_span_id": "<span:1>",
    "span_id": "<span:5>",
    "span_parents": [
      "<span:4>",
    ],
    "type": "llm",
  },
  {
    "has_input": false,
    "has_output": false,
    "metadata": {
      "has_model": false,
      "openaiSdkVersion": null,
      "operation": null,
      "provider": null,
      "scenario": null,
    },
    "metric_keys": [],
    "name": "openai-stream-operation",
    "root_span_id": "<span:1>",
    "span_id": "<span:6>",
    "span_parents": [
      "<span:1>",
    ],
    "type": null,
  },
  {
    "has_input": true,
    "has_output": true,
    "metadata": {
      "has_model": true,
      "openaiSdkVersion": null,
      "operation": null,
      "provider": "openai",
      "scenario": null,
    },
    "metric_keys": [
      "completion_accepted_prediction_tokens",
      "completion_audio_tokens",
      "completion_reasoning_tokens",
      "completion_rejected_prediction_tokens",
      "completion_tokens",
      "prompt_audio_tokens",
      "prompt_cached_tokens",
      "prompt_tokens",
      "time_to_first_token",
      "tokens",
    ],
    "name": "Chat Completion",
    "root_span_id": "<span:1>",
    "span_id": "<span:7>",
    "span_parents": [
      "<span:6>",
    ],
    "type": "llm",
  },
  {
    "has_input": false,
    "has_output": false,
    "metadata": {
      "has_model": false,
      "openaiSdkVersion": null,
      "operation": null,
      "provider": null,
      "scenario": null,
    },
    "metric_keys": [],
    "name": "openai-stream-with-response-operation",
    "root_span_id": "<span:1>",
    "span_id": "<span:8>",
    "span_parents": [
      "<span:1>",
    ],
    "type": null,
  },
  {
    "has_input": true,
    "has_output": true,
    "metadata": {
      "has_model": true,
      "openaiSdkVersion": null,
      "operation": null,
      "provider": "openai",
      "scenario": null,
    },
    "metric_keys": [
      "completion_accepted_prediction_tokens",
      "completion_audio_tokens",
      "completion_reasoning_tokens",
      "completion_rejected_prediction_tokens",
      "completion_tokens",
      "prompt_audio_tokens",
      "prompt_cached_tokens",
      "prompt_tokens",
      "time_to_first_token",
      "tokens",
    ],
    "name": "Chat Completion",
    "root_span_id": "<span:1>",
    "span_id": "<span:9>",
    "span_parents": [
      "<span:8>",
    ],
    "type": "llm",
  },
  {
    "has_input": false,
    "has_output": false,
    "metadata": {
      "has_model": false,
      "openaiSdkVersion": null,
      "operation": null,
      "provider": null,
      "scenario": null,
    },
    "metric_keys": [],
    "name": "openai-parse-operation",
    "root_span_id": "<span:1>",
    "span_id": "<span:10>",
    "span_parents": [
      "<span:1>",
    ],
    "type": null,
  },
  {
    "has_input": true,
    "has_output": true,
    "metadata": {
      "has_model": true,
      "openaiSdkVersion": null,
      "operation": null,
      "provider": "openai",
      "scenario": null,
    },
    "metric_keys": [
      "completion_accepted_prediction_tokens",
      "completion_audio_tokens",
      "completion_reasoning_tokens",
      "completion_rejected_prediction_tokens",
      "completion_tokens",
      "prompt_audio_tokens",
      "prompt_cached_tokens",
      "prompt_tokens",
      "time_to_first_token",
      "tokens",
    ],
    "name": "Chat Completion",
    "root_span_id": "<span:1>",
    "span_id": "<span:11>",
    "span_parents": [
      "<span:10>",
    ],
    "type": "llm",
  },
  {
    "has_input": false,
    "has_output": false,
    "metadata": {
      "has_model": false,
      "openaiSdkVersion": null,
      "operation": null,
      "provider": null,
      "scenario": null,
    },
    "metric_keys": [],
    "name": "openai-sync-stream-operation",
    "root_span_id": "<span:1>",
    "span_id": "<span:12>",
    "span_parents": [
      "<span:1>",
    ],
    "type": null,
  },
  {
    "has_input": true,
    "has_output": true,
    "metadata": {
      "has_model": true,
      "openaiSdkVersion": null,
      "operation": null,
      "provider": "openai",
      "scenario": null,
    },
    "metric_keys": [
      "time_to_first_token",
    ],
    "name": "Chat Completion",
    "root_span_id": "<span:1>",
    "span_id": "<span:13>",
    "span_parents": [
      "<span:12>",
    ],
    "type": "llm",
  },
  {
    "has_input": false,
    "has_output": false,
    "metadata": {
      "has_model": false,
      "openaiSdkVersion": null,
      "operation": null,
      "provider": null,
      "scenario": null,
    },
    "metric_keys": [],
    "name": "openai-embeddings-operation",
    "root_span_id": "<span:1>",
    "span_id": "<span:14>",
    "span_parents": [
      "<span:1>",
    ],
    "type": null,
  },
  {
    "has_input": true,
    "has_output": true,
    "metadata": {
      "has_model": true,
      "openaiSdkVersion": null,
      "operation": null,
      "provider": "openai",
      "scenario": null,
    },
    "metric_keys": [
      "prompt_tokens",
      "tokens",
    ],
    "name": "Embedding",
    "root_span_id": "<span:1>",
    "span_id": "<span:15>",
    "span_parents": [
      "<span:14>",
    ],
    "type": "llm",
  },
  {
    "has_input": false,
    "has_output": false,
    "metadata": {
      "has_model": false,
      "openaiSdkVersion": null,
      "operation": null,
      "provider": null,
      "scenario": null,
    },
    "metric_keys": [],
    "name": "openai-moderations-operation",
    "root_span_id": "<span:1>",
    "span_id": "<span:16>",
    "span_parents": [
      "<span:1>",
    ],
    "type": null,
  },
  {
    "has_input": true,
    "has_output": true,
    "metadata": {
      "has_model": true,
      "openaiSdkVersion": null,
      "operation": null,
      "provider": "openai",
      "scenario": null,
    },
    "metric_keys": [],
    "name": "Moderation",
    "root_span_id": "<span:1>",
    "span_id": "<span:17>",
    "span_parents": [
      "<span:16>",
    ],
    "type": "llm",
  },
  {
    "has_input": false,
    "has_output": false,
    "metadata": {
      "has_model": false,
      "openaiSdkVersion": null,
      "operation": null,
      "provider": null,
      "scenario": null,
    },
    "metric_keys": [],
    "name": "openai-responses-operation",
    "root_span_id": "<span:1>",
    "span_id": "<span:18>",
    "span_parents": [
      "<span:1>",
    ],
    "type": null,
  },
  {
    "has_input": true,
    "has_output": true,
    "metadata": {
      "has_model": true,
      "openaiSdkVersion": null,
      "operation": null,
      "provider": "openai",
      "scenario": null,
    },
    "metric_keys": [
      "completion_reasoning_tokens",
      "completion_tokens",
      "prompt_cached_tokens",
      "prompt_tokens",
      "time_to_first_token",
      "tokens",
    ],
    "name": "openai.responses.create",
    "root_span_id": "<span:1>",
    "span_id": "<span:19>",
    "span_parents": [
      "<span:18>",
    ],
    "type": "llm",
  },
  {
    "has_input": false,
    "has_output": false,
    "metadata": {
      "has_model": false,
      "openaiSdkVersion": null,
      "operation": null,
      "provider": null,
      "scenario": null,
    },
    "metric_keys": [],
    "name": "openai-responses-with-response-operation",
    "root_span_id": "<span:1>",
    "span_id": "<span:20>",
    "span_parents": [
      "<span:1>",
    ],
    "type": null,
  },
  {
    "has_input": true,
    "has_output": true,
    "metadata": {
      "has_model": true,
      "openaiSdkVersion": null,
      "operation": null,
      "provider": "openai",
      "scenario": null,
    },
    "metric_keys": [
      "completion_reasoning_tokens",
      "completion_tokens",
      "prompt_cached_tokens",
      "prompt_tokens",
      "time_to_first_token",
      "tokens",
    ],
    "name": "openai.responses.create",
    "root_span_id": "<span:1>",
    "span_id": "<span:21>",
    "span_parents": [
      "<span:20>",
    ],
    "type": "llm",
  },
  {
    "has_input": false,
    "has_output": false,
    "metadata": {
      "has_model": false,
      "openaiSdkVersion": null,
      "operation": null,
      "provider": null,
      "scenario": null,
    },
    "metric_keys": [],
    "name": "openai-responses-create-stream-operation",
    "root_span_id": "<span:1>",
    "span_id": "<span:22>",
    "span_parents": [
      "<span:1>",
    ],
    "type": null,
  },
  {
    "has_input": true,
    "has_output": true,
    "metadata": {
      "has_model": true,
      "openaiSdkVersion": null,
      "operation": null,
      "provider": "openai",
      "scenario": null,
    },
    "metric_keys": [
      "completion_reasoning_tokens",
      "completion_tokens",
      "prompt_cached_tokens",
      "prompt_tokens",
      "time_to_first_token",
      "tokens",
    ],
    "name": "openai.responses.create",
    "root_span_id": "<span:1>",
    "span_id": "<span:23>",
    "span_parents": [
      "<span:22>",
    ],
    "type": "llm",
  },
  {
    "has_input": false,
    "has_output": false,
    "metadata": {
      "has_model": false,
      "openaiSdkVersion": null,
      "operation": null,
      "provider": null,
      "scenario": null,
    },
    "metric_keys": [],
    "name": "openai-responses-stream-operation",
    "root_span_id": "<span:1>",
    "span_id": "<span:24>",
    "span_parents": [
      "<span:1>",
    ],
    "type": null,
  },
  {
    "has_input": true,
    "has_output": true,
    "metadata": {
      "has_model": true,
      "openaiSdkVersion": null,
      "operation": null,
      "provider": "openai",
      "scenario": null,
    },
    "metric_keys": [
      "completion_reasoning_tokens",
      "completion_tokens",
      "prompt_cached_tokens",
      "prompt_tokens",
      "time_to_first_token",
      "tokens",
    ],
    "name": "openai.responses.create",
    "root_span_id": "<span:1>",
    "span_id": "<span:25>",
    "span_parents": [
      "<span:24>",
    ],
    "type": "llm",
  },
  {
    "has_input": false,
    "has_output": false,
    "metadata": {
      "has_model": false,
      "openaiSdkVersion": null,
      "operation": null,
      "provider": null,
      "scenario": null,
    },
    "metric_keys": [],
    "name": "openai-responses-stream-partial-operation",
    "root_span_id": "<span:1>",
    "span_id": "<span:26>",
    "span_parents": [
      "<span:1>",
    ],
    "type": null,
  },
  {
    "has_input": true,
    "has_output": false,
    "metadata": {
      "has_model": true,
      "openaiSdkVersion": null,
      "operation": null,
      "provider": "openai",
      "scenario": null,
    },
    "metric_keys": [
      "time_to_first_token",
    ],
    "name": "openai.responses.create",
    "root_span_id": "<span:1>",
    "span_id": "<span:27>",
    "span_parents": [
      "<span:26>",
    ],
    "type": "llm",
  },
  {
    "has_input": false,
    "has_output": false,
    "metadata": {
      "has_model": false,
      "openaiSdkVersion": null,
      "operation": null,
      "provider": null,
      "scenario": null,
    },
    "metric_keys": [],
    "name": "openai-responses-parse-operation",
    "root_span_id": "<span:1>",
    "span_id": "<span:28>",
    "span_parents": [
      "<span:1>",
    ],
    "type": null,
  },
  {
    "has_input": true,
    "has_output": true,
    "metadata": {
      "has_model": true,
      "openaiSdkVersion": null,
      "operation": null,
      "provider": "openai",
      "scenario": null,
    },
    "metric_keys": [
      "completion_reasoning_tokens",
      "completion_tokens",
      "prompt_cached_tokens",
      "prompt_tokens",
      "time_to_first_token",
      "tokens",
    ],
    "name": "openai.responses.parse",
    "root_span_id": "<span:1>",
    "span_id": "<span:29>",
    "span_parents": [
      "<span:28>",
    ],
    "type": "llm",
  },
]
`;

exports[`openai auto-instrumentation via node hook collects traces without manual wrapping (openai 6.25.0) > span-events 1`] = `
[
  {
    "has_input": false,
    "has_output": false,
    "metadata": {
      "has_model": false,
      "openaiSdkVersion": "6.25.0",
      "operation": null,
      "provider": null,
      "scenario": "openai-auto-instrumentation-node-hook",
    },
    "metric_keys": [],
    "name": "openai-auto-hook-root",
    "root_span_id": "<span:1>",
    "span_id": "<span:1>",
    "span_parents": [],
    "type": "task",
  },
  {
    "has_input": false,
    "has_output": false,
    "metadata": {
      "has_model": false,
      "openaiSdkVersion": null,
      "operation": null,
      "provider": null,
      "scenario": null,
    },
    "metric_keys": [],
    "name": "openai-chat-operation",
    "root_span_id": "<span:1>",
    "span_id": "<span:2>",
    "span_parents": [
      "<span:1>",
    ],
    "type": null,
  },
  {
    "has_input": true,
    "has_output": true,
    "metadata": {
      "has_model": true,
      "openaiSdkVersion": null,
      "operation": null,
      "provider": "openai",
      "scenario": null,
    },
    "metric_keys": [
      "completion_accepted_prediction_tokens",
      "completion_audio_tokens",
      "completion_reasoning_tokens",
      "completion_rejected_prediction_tokens",
      "completion_tokens",
      "prompt_audio_tokens",
      "prompt_cached_tokens",
      "prompt_tokens",
      "time_to_first_token",
      "tokens",
    ],
    "name": "Chat Completion",
    "root_span_id": "<span:1>",
    "span_id": "<span:3>",
    "span_parents": [
      "<span:2>",
    ],
    "type": "llm",
  },
  {
    "has_input": false,
    "has_output": false,
    "metadata": {
      "has_model": false,
      "openaiSdkVersion": null,
      "operation": null,
      "provider": null,
      "scenario": null,
    },
    "metric_keys": [],
    "name": "openai-chat-with-response-operation",
    "root_span_id": "<span:1>",
    "span_id": "<span:4>",
    "span_parents": [
      "<span:1>",
    ],
    "type": null,
  },
  {
    "has_input": true,
    "has_output": true,
    "metadata": {
      "has_model": true,
      "openaiSdkVersion": null,
      "operation": null,
      "provider": "openai",
      "scenario": null,
    },
    "metric_keys": [
      "completion_accepted_prediction_tokens",
      "completion_audio_tokens",
      "completion_reasoning_tokens",
      "completion_rejected_prediction_tokens",
      "completion_tokens",
      "prompt_audio_tokens",
      "prompt_cached_tokens",
      "prompt_tokens",
      "time_to_first_token",
      "tokens",
    ],
    "name": "Chat Completion",
    "root_span_id": "<span:1>",
    "span_id": "<span:5>",
    "span_parents": [
      "<span:4>",
    ],
    "type": "llm",
  },
  {
    "has_input": false,
    "has_output": false,
    "metadata": {
      "has_model": false,
      "openaiSdkVersion": null,
      "operation": null,
      "provider": null,
      "scenario": null,
    },
    "metric_keys": [],
    "name": "openai-stream-operation",
    "root_span_id": "<span:1>",
    "span_id": "<span:6>",
    "span_parents": [
      "<span:1>",
    ],
    "type": null,
  },
  {
    "has_input": true,
    "has_output": true,
    "metadata": {
      "has_model": true,
      "openaiSdkVersion": null,
      "operation": null,
      "provider": "openai",
      "scenario": null,
    },
    "metric_keys": [
      "completion_accepted_prediction_tokens",
      "completion_audio_tokens",
      "completion_reasoning_tokens",
      "completion_rejected_prediction_tokens",
      "completion_tokens",
      "prompt_audio_tokens",
      "prompt_cached_tokens",
      "prompt_tokens",
      "time_to_first_token",
      "tokens",
    ],
    "name": "Chat Completion",
    "root_span_id": "<span:1>",
    "span_id": "<span:7>",
    "span_parents": [
      "<span:6>",
    ],
    "type": "llm",
  },
  {
    "has_input": false,
    "has_output": false,
    "metadata": {
      "has_model": false,
      "openaiSdkVersion": null,
      "operation": null,
      "provider": null,
      "scenario": null,
    },
    "metric_keys": [],
    "name": "openai-stream-with-response-operation",
    "root_span_id": "<span:1>",
    "span_id": "<span:8>",
    "span_parents": [
      "<span:1>",
    ],
    "type": null,
  },
  {
    "has_input": true,
    "has_output": true,
    "metadata": {
      "has_model": true,
      "openaiSdkVersion": null,
      "operation": null,
      "provider": "openai",
      "scenario": null,
    },
    "metric_keys": [
      "completion_accepted_prediction_tokens",
      "completion_audio_tokens",
      "completion_reasoning_tokens",
      "completion_rejected_prediction_tokens",
      "completion_tokens",
      "prompt_audio_tokens",
      "prompt_cached_tokens",
      "prompt_tokens",
      "time_to_first_token",
      "tokens",
    ],
    "name": "Chat Completion",
    "root_span_id": "<span:1>",
    "span_id": "<span:9>",
    "span_parents": [
      "<span:8>",
    ],
    "type": "llm",
  },
  {
    "has_input": false,
    "has_output": false,
    "metadata": {
      "has_model": false,
      "openaiSdkVersion": null,
      "operation": null,
      "provider": null,
      "scenario": null,
    },
    "metric_keys": [],
    "name": "openai-parse-operation",
    "root_span_id": "<span:1>",
    "span_id": "<span:10>",
    "span_parents": [
      "<span:1>",
    ],
    "type": null,
  },
  {
    "has_input": true,
    "has_output": true,
    "metadata": {
      "has_model": true,
      "openaiSdkVersion": null,
      "operation": null,
      "provider": "openai",
      "scenario": null,
    },
    "metric_keys": [
      "completion_accepted_prediction_tokens",
      "completion_audio_tokens",
      "completion_reasoning_tokens",
      "completion_rejected_prediction_tokens",
      "completion_tokens",
      "prompt_audio_tokens",
      "prompt_cached_tokens",
      "prompt_tokens",
      "time_to_first_token",
      "tokens",
    ],
    "name": "Chat Completion",
    "root_span_id": "<span:1>",
    "span_id": "<span:11>",
    "span_parents": [
      "<span:10>",
    ],
    "type": "llm",
  },
  {
    "has_input": false,
    "has_output": false,
    "metadata": {
      "has_model": false,
      "openaiSdkVersion": null,
      "operation": null,
      "provider": null,
      "scenario": null,
    },
    "metric_keys": [],
    "name": "openai-sync-stream-operation",
    "root_span_id": "<span:1>",
    "span_id": "<span:12>",
    "span_parents": [
      "<span:1>",
    ],
    "type": null,
  },
  {
    "has_input": true,
    "has_output": true,
    "metadata": {
      "has_model": true,
      "openaiSdkVersion": null,
      "operation": null,
      "provider": "openai",
      "scenario": null,
    },
    "metric_keys": [
      "time_to_first_token",
    ],
    "name": "Chat Completion",
    "root_span_id": "<span:1>",
    "span_id": "<span:13>",
    "span_parents": [
      "<span:12>",
    ],
    "type": "llm",
  },
  {
    "has_input": false,
    "has_output": false,
    "metadata": {
      "has_model": false,
      "openaiSdkVersion": null,
      "operation": null,
      "provider": null,
      "scenario": null,
    },
    "metric_keys": [],
    "name": "openai-embeddings-operation",
    "root_span_id": "<span:1>",
    "span_id": "<span:14>",
    "span_parents": [
      "<span:1>",
    ],
    "type": null,
  },
  {
    "has_input": true,
    "has_output": true,
    "metadata": {
      "has_model": true,
      "openaiSdkVersion": null,
      "operation": null,
      "provider": "openai",
      "scenario": null,
    },
    "metric_keys": [
      "prompt_tokens",
      "tokens",
    ],
    "name": "Embedding",
    "root_span_id": "<span:1>",
    "span_id": "<span:15>",
    "span_parents": [
      "<span:14>",
    ],
    "type": "llm",
  },
  {
    "has_input": false,
    "has_output": false,
    "metadata": {
      "has_model": false,
      "openaiSdkVersion": null,
      "operation": null,
      "provider": null,
      "scenario": null,
    },
    "metric_keys": [],
    "name": "openai-moderations-operation",
    "root_span_id": "<span:1>",
    "span_id": "<span:16>",
    "span_parents": [
      "<span:1>",
    ],
    "type": null,
  },
  {
    "has_input": true,
    "has_output": true,
    "metadata": {
      "has_model": true,
      "openaiSdkVersion": null,
      "operation": null,
      "provider": "openai",
      "scenario": null,
    },
    "metric_keys": [],
    "name": "Moderation",
    "root_span_id": "<span:1>",
    "span_id": "<span:17>",
    "span_parents": [
      "<span:16>",
    ],
    "type": "llm",
  },
  {
    "has_input": false,
    "has_output": false,
    "metadata": {
      "has_model": false,
      "openaiSdkVersion": null,
      "operation": null,
      "provider": null,
      "scenario": null,
    },
    "metric_keys": [],
    "name": "openai-responses-operation",
    "root_span_id": "<span:1>",
    "span_id": "<span:18>",
    "span_parents": [
      "<span:1>",
    ],
    "type": null,
  },
  {
    "has_input": true,
    "has_output": true,
    "metadata": {
      "has_model": true,
      "openaiSdkVersion": null,
      "operation": null,
      "provider": "openai",
      "scenario": null,
    },
    "metric_keys": [
      "completion_reasoning_tokens",
      "completion_tokens",
      "prompt_cached_tokens",
      "prompt_tokens",
      "time_to_first_token",
      "tokens",
    ],
    "name": "openai.responses.create",
    "root_span_id": "<span:1>",
    "span_id": "<span:19>",
    "span_parents": [
      "<span:18>",
    ],
    "type": "llm",
  },
  {
    "has_input": false,
    "has_output": false,
    "metadata": {
      "has_model": false,
      "openaiSdkVersion": null,
      "operation": null,
      "provider": null,
      "scenario": null,
    },
    "metric_keys": [],
    "name": "openai-responses-with-response-operation",
    "root_span_id": "<span:1>",
    "span_id": "<span:20>",
    "span_parents": [
      "<span:1>",
    ],
    "type": null,
  },
  {
    "has_input": true,
    "has_output": true,
    "metadata": {
      "has_model": true,
      "openaiSdkVersion": null,
      "operation": null,
      "provider": "openai",
      "scenario": null,
    },
    "metric_keys": [
      "completion_reasoning_tokens",
      "completion_tokens",
      "prompt_cached_tokens",
      "prompt_tokens",
      "time_to_first_token",
      "tokens",
    ],
    "name": "openai.responses.create",
    "root_span_id": "<span:1>",
    "span_id": "<span:21>",
    "span_parents": [
      "<span:20>",
    ],
    "type": "llm",
  },
  {
    "has_input": false,
    "has_output": false,
    "metadata": {
      "has_model": false,
      "openaiSdkVersion": null,
      "operation": null,
      "provider": null,
      "scenario": null,
    },
    "metric_keys": [],
    "name": "openai-responses-create-stream-operation",
    "root_span_id": "<span:1>",
    "span_id": "<span:22>",
    "span_parents": [
      "<span:1>",
    ],
    "type": null,
  },
  {
    "has_input": true,
    "has_output": true,
    "metadata": {
      "has_model": true,
      "openaiSdkVersion": null,
      "operation": null,
      "provider": "openai",
      "scenario": null,
    },
    "metric_keys": [
      "completion_reasoning_tokens",
      "completion_tokens",
      "prompt_cached_tokens",
      "prompt_tokens",
      "time_to_first_token",
      "tokens",
    ],
    "name": "openai.responses.create",
    "root_span_id": "<span:1>",
    "span_id": "<span:23>",
    "span_parents": [
      "<span:22>",
    ],
    "type": "llm",
  },
  {
    "has_input": false,
    "has_output": false,
    "metadata": {
      "has_model": false,
      "openaiSdkVersion": null,
      "operation": null,
      "provider": null,
      "scenario": null,
    },
    "metric_keys": [],
    "name": "openai-responses-stream-operation",
    "root_span_id": "<span:1>",
    "span_id": "<span:24>",
    "span_parents": [
      "<span:1>",
    ],
    "type": null,
  },
  {
    "has_input": true,
    "has_output": true,
    "metadata": {
      "has_model": true,
      "openaiSdkVersion": null,
      "operation": null,
      "provider": "openai",
      "scenario": null,
    },
    "metric_keys": [
      "completion_reasoning_tokens",
      "completion_tokens",
      "prompt_cached_tokens",
      "prompt_tokens",
      "time_to_first_token",
      "tokens",
    ],
    "name": "openai.responses.create",
    "root_span_id": "<span:1>",
    "span_id": "<span:25>",
    "span_parents": [
      "<span:24>",
    ],
    "type": "llm",
  },
  {
    "has_input": false,
    "has_output": false,
    "metadata": {
      "has_model": false,
      "openaiSdkVersion": null,
      "operation": null,
      "provider": null,
      "scenario": null,
    },
    "metric_keys": [],
    "name": "openai-responses-stream-partial-operation",
    "root_span_id": "<span:1>",
    "span_id": "<span:26>",
    "span_parents": [
      "<span:1>",
    ],
    "type": null,
  },
  {
    "has_input": true,
    "has_output": false,
    "metadata": {
      "has_model": true,
      "openaiSdkVersion": null,
      "operation": null,
      "provider": "openai",
      "scenario": null,
    },
    "metric_keys": [
      "time_to_first_token",
    ],
    "name": "openai.responses.create",
    "root_span_id": "<span:1>",
    "span_id": "<span:27>",
    "span_parents": [
      "<span:26>",
    ],
    "type": "llm",
  },
  {
    "has_input": false,
    "has_output": false,
    "metadata": {
      "has_model": false,
      "openaiSdkVersion": null,
      "operation": null,
      "provider": null,
      "scenario": null,
    },
    "metric_keys": [],
    "name": "openai-responses-parse-operation",
    "root_span_id": "<span:1>",
    "span_id": "<span:28>",
    "span_parents": [
      "<span:1>",
    ],
    "type": null,
  },
  {
    "has_input": true,
    "has_output": true,
    "metadata": {
      "has_model": true,
      "openaiSdkVersion": null,
      "operation": null,
      "provider": "openai",
      "scenario": null,
    },
    "metric_keys": [
      "completion_reasoning_tokens",
      "completion_tokens",
      "prompt_cached_tokens",
      "prompt_tokens",
      "time_to_first_token",
      "tokens",
    ],
    "name": "openai.responses.parse",
    "root_span_id": "<span:1>",
    "span_id": "<span:29>",
    "span_parents": [
      "<span:28>",
    ],
    "type": "llm",
  },
]
`;
