// Vitest Snapshot v1, https://vitest.dev/guide/snapshot.html

exports[`ai-sdk-otel-export sends AI SDK telemetry spans to Braintrust via BraintrustExporter (ai 5.0.82) > otel-requests-ai-5.0.82 1`] = `
[
  {
    "headers": {
      "content-type": "application/json",
      "x-bt-parent": "<x-bt-parent>",
    },
    "jsonBody": "<omitted>",
    "method": "POST",
    "path": "/otel/v1/traces",
    "query": null,
    "rawBody": "<omitted>",
  },
  {
    "headers": {
      "content-type": "application/json",
      "x-bt-parent": "<x-bt-parent>",
    },
    "jsonBody": "<omitted>",
    "method": "POST",
    "path": "/otel/v1/traces",
    "query": null,
    "rawBody": "<omitted>",
  },
  {
    "headers": {
      "content-type": "application/json",
      "x-bt-parent": "<x-bt-parent>",
    },
    "jsonBody": "<omitted>",
    "method": "POST",
    "path": "/otel/v1/traces",
    "query": null,
    "rawBody": "<omitted>",
  },
  {
    "headers": {
      "content-type": "application/json",
      "x-bt-parent": "<x-bt-parent>",
    },
    "jsonBody": "<omitted>",
    "method": "POST",
    "path": "/otel/v1/traces",
    "query": null,
    "rawBody": "<omitted>",
  },
  {
    "headers": {
      "content-type": "application/json",
      "x-bt-parent": "<x-bt-parent>",
    },
    "jsonBody": "<omitted>",
    "method": "POST",
    "path": "/otel/v1/traces",
    "query": null,
    "rawBody": "<omitted>",
  },
  {
    "headers": {
      "content-type": "application/json",
      "x-bt-parent": "<x-bt-parent>",
    },
    "jsonBody": "<omitted>",
    "method": "POST",
    "path": "/otel/v1/traces",
    "query": null,
    "rawBody": "<omitted>",
  },
  {
    "headers": {
      "content-type": "application/json",
      "x-bt-parent": "<x-bt-parent>",
    },
    "jsonBody": "<omitted>",
    "method": "POST",
    "path": "/otel/v1/traces",
    "query": null,
    "rawBody": "<omitted>",
  },
  {
    "headers": {
      "content-type": "application/json",
      "x-bt-parent": "<x-bt-parent>",
    },
    "jsonBody": "<omitted>",
    "method": "POST",
    "path": "/otel/v1/traces",
    "query": null,
    "rawBody": "<omitted>",
  },
  {
    "headers": {
      "content-type": "application/json",
      "x-bt-parent": "<x-bt-parent>",
    },
    "jsonBody": "<omitted>",
    "method": "POST",
    "path": "/otel/v1/traces",
    "query": null,
    "rawBody": "<omitted>",
  },
  {
    "headers": {
      "content-type": "application/json",
      "x-bt-parent": "<x-bt-parent>",
    },
    "jsonBody": "<omitted>",
    "method": "POST",
    "path": "/otel/v1/traces",
    "query": null,
    "rawBody": "<omitted>",
  },
  {
    "headers": {
      "content-type": "application/json",
      "x-bt-parent": "<x-bt-parent>",
    },
    "jsonBody": "<omitted>",
    "method": "POST",
    "path": "/otel/v1/traces",
    "query": null,
    "rawBody": "<omitted>",
  },
  {
    "headers": {
      "content-type": "application/json",
      "x-bt-parent": "<x-bt-parent>",
    },
    "jsonBody": "<omitted>",
    "method": "POST",
    "path": "/otel/v1/traces",
    "query": null,
    "rawBody": "<omitted>",
  },
  {
    "headers": {
      "content-type": "application/json",
      "x-bt-parent": "<x-bt-parent>",
    },
    "jsonBody": "<omitted>",
    "method": "POST",
    "path": "/otel/v1/traces",
    "query": null,
    "rawBody": "<omitted>",
  },
]
`;

exports[`ai-sdk-otel-export sends AI SDK telemetry spans to Braintrust via BraintrustExporter (ai 5.0.82) > otel-spans-ai-5.0.82 1`] = `
[
  {
    "hasParent": false,
    "name": "ai.generateText.doGenerate",
  },
  {
    "hasParent": false,
    "name": "ai.generateText",
  },
  {
    "hasParent": false,
    "name": "ai.streamText.doStream",
  },
  {
    "hasParent": false,
    "name": "ai.streamText",
  },
  {
    "hasParent": false,
    "name": "ai.generateText.doGenerate",
  },
  {
    "hasParent": false,
    "name": "ai.toolCall",
  },
  {
    "hasParent": false,
    "name": "ai.generateText.doGenerate",
  },
  {
    "hasParent": false,
    "name": "ai.toolCall",
  },
  {
    "hasParent": false,
    "name": "ai.generateText.doGenerate",
  },
  {
    "hasParent": false,
    "name": "ai.toolCall",
  },
  {
    "hasParent": false,
    "name": "ai.generateText.doGenerate",
  },
  {
    "hasParent": false,
    "name": "ai.toolCall",
  },
  {
    "hasParent": false,
    "name": "ai.generateText",
  },
]
`;

exports[`ai-sdk-otel-export sends AI SDK telemetry spans to Braintrust via BraintrustExporter (ai 6.0.1) > otel-requests-ai-6.0.1 1`] = `
[
  {
    "headers": {
      "content-type": "application/json",
      "x-bt-parent": "<x-bt-parent>",
    },
    "jsonBody": "<omitted>",
    "method": "POST",
    "path": "/otel/v1/traces",
    "query": null,
    "rawBody": "<omitted>",
  },
  {
    "headers": {
      "content-type": "application/json",
      "x-bt-parent": "<x-bt-parent>",
    },
    "jsonBody": "<omitted>",
    "method": "POST",
    "path": "/otel/v1/traces",
    "query": null,
    "rawBody": "<omitted>",
  },
  {
    "headers": {
      "content-type": "application/json",
      "x-bt-parent": "<x-bt-parent>",
    },
    "jsonBody": "<omitted>",
    "method": "POST",
    "path": "/otel/v1/traces",
    "query": null,
    "rawBody": "<omitted>",
  },
  {
    "headers": {
      "content-type": "application/json",
      "x-bt-parent": "<x-bt-parent>",
    },
    "jsonBody": "<omitted>",
    "method": "POST",
    "path": "/otel/v1/traces",
    "query": null,
    "rawBody": "<omitted>",
  },
  {
    "headers": {
      "content-type": "application/json",
      "x-bt-parent": "<x-bt-parent>",
    },
    "jsonBody": "<omitted>",
    "method": "POST",
    "path": "/otel/v1/traces",
    "query": null,
    "rawBody": "<omitted>",
  },
  {
    "headers": {
      "content-type": "application/json",
      "x-bt-parent": "<x-bt-parent>",
    },
    "jsonBody": "<omitted>",
    "method": "POST",
    "path": "/otel/v1/traces",
    "query": null,
    "rawBody": "<omitted>",
  },
  {
    "headers": {
      "content-type": "application/json",
      "x-bt-parent": "<x-bt-parent>",
    },
    "jsonBody": "<omitted>",
    "method": "POST",
    "path": "/otel/v1/traces",
    "query": null,
    "rawBody": "<omitted>",
  },
  {
    "headers": {
      "content-type": "application/json",
      "x-bt-parent": "<x-bt-parent>",
    },
    "jsonBody": "<omitted>",
    "method": "POST",
    "path": "/otel/v1/traces",
    "query": null,
    "rawBody": "<omitted>",
  },
  {
    "headers": {
      "content-type": "application/json",
      "x-bt-parent": "<x-bt-parent>",
    },
    "jsonBody": "<omitted>",
    "method": "POST",
    "path": "/otel/v1/traces",
    "query": null,
    "rawBody": "<omitted>",
  },
  {
    "headers": {
      "content-type": "application/json",
      "x-bt-parent": "<x-bt-parent>",
    },
    "jsonBody": "<omitted>",
    "method": "POST",
    "path": "/otel/v1/traces",
    "query": null,
    "rawBody": "<omitted>",
  },
  {
    "headers": {
      "content-type": "application/json",
      "x-bt-parent": "<x-bt-parent>",
    },
    "jsonBody": "<omitted>",
    "method": "POST",
    "path": "/otel/v1/traces",
    "query": null,
    "rawBody": "<omitted>",
  },
  {
    "headers": {
      "content-type": "application/json",
      "x-bt-parent": "<x-bt-parent>",
    },
    "jsonBody": "<omitted>",
    "method": "POST",
    "path": "/otel/v1/traces",
    "query": null,
    "rawBody": "<omitted>",
  },
  {
    "headers": {
      "content-type": "application/json",
      "x-bt-parent": "<x-bt-parent>",
    },
    "jsonBody": "<omitted>",
    "method": "POST",
    "path": "/otel/v1/traces",
    "query": null,
    "rawBody": "<omitted>",
  },
]
`;

exports[`ai-sdk-otel-export sends AI SDK telemetry spans to Braintrust via BraintrustExporter (ai 6.0.1) > otel-spans-ai-6.0.1 1`] = `
[
  {
    "hasParent": false,
    "name": "ai.generateText.doGenerate",
  },
  {
    "hasParent": false,
    "name": "ai.generateText",
  },
  {
    "hasParent": false,
    "name": "ai.streamText.doStream",
  },
  {
    "hasParent": false,
    "name": "ai.streamText",
  },
  {
    "hasParent": false,
    "name": "ai.generateText.doGenerate",
  },
  {
    "hasParent": false,
    "name": "ai.toolCall",
  },
  {
    "hasParent": false,
    "name": "ai.generateText.doGenerate",
  },
  {
    "hasParent": false,
    "name": "ai.toolCall",
  },
  {
    "hasParent": false,
    "name": "ai.generateText.doGenerate",
  },
  {
    "hasParent": false,
    "name": "ai.toolCall",
  },
  {
    "hasParent": false,
    "name": "ai.generateText.doGenerate",
  },
  {
    "hasParent": false,
    "name": "ai.toolCall",
  },
  {
    "hasParent": false,
    "name": "ai.generateText",
  },
]
`;
