// Vitest Snapshot v1, https://vitest.dev/guide/snapshot.html

exports[`google genai auto-instrumentation via node hook collects the shared google genai trace contract > log-payloads 1`] = `
[
  {
    "_is_merge": false,
    "context": {
      "caller_filename": "<repo>/e2e/helpers/provider-runtime.mjs",
      "caller_functionname": "runTracedScenario",
      "caller_lineno": 0,
    },
    "created": "<timestamp>",
    "id": "<span:1>",
    "log_id": "g",
    "metadata": {
      "scenario": "google-genai-auto-instrumentation-node-hook",
      "testRunId": "<run:1>",
    },
    "metrics": {
      "start": 0,
    },
    "project_id": "<uuid:3>",
    "root_span_id": "<span:2>",
    "span_attributes": {
      "exec_counter": 0,
      "name": "google-genai-auto-hook-root",
      "type": "task",
    },
    "span_id": "<span:2>",
  },
  {
    "_is_merge": true,
    "id": "<span:1>",
    "log_id": "g",
    "metrics": {
      "end": 0,
    },
    "project_id": "<uuid:3>",
    "root_span_id": "<span:2>",
    "span_id": "<span:2>",
  },
  {
    "_is_merge": false,
    "context": {
      "caller_filename": "<repo>/e2e/helpers/provider-runtime.mjs",
      "caller_functionname": "runOperation",
      "caller_lineno": 0,
    },
    "created": "<timestamp>",
    "id": "<span:4>",
    "log_id": "g",
    "metadata": {
      "operation": "generate",
      "testRunId": "<run:1>",
    },
    "metrics": {
      "start": 0,
    },
    "project_id": "<uuid:3>",
    "root_span_id": "<span:2>",
    "span_attributes": {
      "exec_counter": 1,
      "name": "google-generate-operation",
    },
    "span_id": "<span:5>",
    "span_parents": [
      "<span:2>",
    ],
  },
  {
    "_is_merge": true,
    "id": "<span:4>",
    "log_id": "g",
    "metrics": {
      "end": 0,
    },
    "project_id": "<uuid:3>",
    "root_span_id": "<span:2>",
    "span_id": "<span:5>",
    "span_parents": [
      "<span:2>",
    ],
  },
  {
    "context": {
      "caller_filename": "<node-internal>",
      "caller_functionname": "<node-internal>",
      "caller_lineno": 0,
    },
    "created": "<timestamp>",
    "id": "<span:6>",
    "input": {
      "config": {
        "maxOutputTokens": 16,
        "temperature": 0,
      },
      "contents": {
        "text": "Reply with exactly PARIS.",
      },
      "model": "gemini-2.0-flash-001",
    },
    "log_id": "g",
    "metadata": {
      "maxOutputTokens": 16,
      "model": "gemini-2.0-flash-001",
      "provider": "google-genai",
      "temperature": 0,
    },
    "metrics": {
      "start": 0,
    },
    "project_id": "<uuid:3>",
    "root_span_id": "<span:2>",
    "span_attributes": {
      "exec_counter": 2,
      "name": "google-genai.generateContent",
      "type": "llm",
    },
    "span_id": "<span:7>",
    "span_parents": [
      "<span:5>",
    ],
  },
  {
    "_is_merge": true,
    "id": "<span:6>",
    "log_id": "g",
    "metrics": {
      "completion_tokens": 3,
      "duration": 0,
      "prompt_tokens": 5,
      "tokens": 8,
    },
    "project_id": "<uuid:3>",
    "root_span_id": "<span:2>",
    "span_id": "<span:7>",
    "span_parents": [
      "<span:5>",
    ],
  },
  {
    "_is_merge": true,
    "id": "<span:6>",
    "log_id": "g",
    "output": {
      "candidates": [
        {
          "avgLogprobs": 0,
          "content": {
            "parts": [
              {
                "text": "PARIS
",
              },
            ],
            "role": "model",
          },
          "finishReason": "STOP",
        },
      ],
      "modelVersion": "gemini-2.0-flash-001",
      "responseId": "<responseId:8>",
      "sdkHttpResponse": {
        "headers": {
          "alt-svc": "h3=":443"; ma=2592000,h3-29=":443"; ma=2592000",
          "content-encoding": "gzip",
          "content-type": "application/json; charset=UTF-8",
          "date": "<timestamp>",
          "server": "scaffolding on HTTPServer2",
          "server-timing": "<server-timing>",
          "transfer-encoding": "chunked",
          "vary": "Origin, X-Origin, Referer",
          "x-content-type-options": "nosniff",
          "x-frame-options": "SAMEORIGIN",
          "x-xss-protection": "0",
        },
      },
      "usageMetadata": {
        "candidatesTokenCount": 3,
        "candidatesTokensDetails": [
          {
            "modality": "TEXT",
            "tokenCount": 3,
          },
        ],
        "promptTokenCount": 5,
        "promptTokensDetails": [
          {
            "modality": "TEXT",
            "tokenCount": 5,
          },
        ],
        "totalTokenCount": 8,
      },
    },
    "project_id": "<uuid:3>",
    "root_span_id": "<span:2>",
    "span_id": "<span:7>",
    "span_parents": [
      "<span:5>",
    ],
  },
  {
    "_is_merge": true,
    "id": "<span:6>",
    "log_id": "g",
    "metrics": {
      "end": 0,
    },
    "project_id": "<uuid:3>",
    "root_span_id": "<span:2>",
    "span_id": "<span:7>",
    "span_parents": [
      "<span:5>",
    ],
  },
  {
    "_is_merge": false,
    "context": {
      "caller_filename": "<repo>/e2e/helpers/provider-runtime.mjs",
      "caller_functionname": "runOperation",
      "caller_lineno": 0,
    },
    "created": "<timestamp>",
    "id": "<span:9>",
    "log_id": "g",
    "metadata": {
      "operation": "attachment",
      "testRunId": "<run:1>",
    },
    "metrics": {
      "start": 0,
    },
    "project_id": "<uuid:3>",
    "root_span_id": "<span:2>",
    "span_attributes": {
      "exec_counter": 3,
      "name": "google-attachment-operation",
    },
    "span_id": "<span:10>",
    "span_parents": [
      "<span:2>",
    ],
  },
  {
    "_is_merge": true,
    "id": "<span:9>",
    "log_id": "g",
    "metrics": {
      "end": 0,
    },
    "project_id": "<uuid:3>",
    "root_span_id": "<span:2>",
    "span_id": "<span:10>",
    "span_parents": [
      "<span:2>",
    ],
  },
  {
    "context": {
      "caller_filename": "<node-internal>",
      "caller_functionname": "<node-internal>",
      "caller_lineno": 0,
    },
    "created": "<timestamp>",
    "id": "<span:11>",
    "input": {
      "config": {
        "maxOutputTokens": 24,
        "temperature": 0,
      },
      "contents": [
        {
          "parts": [
            {
              "image_url": {
                "url": {
                  "content_type": "image/png",
                  "filename": "file.png",
                  "key": "<uuid:12>",
                  "type": "braintrust_attachment",
                },
              },
            },
            {
              "text": "Describe the attached image in one short sentence.",
            },
          ],
          "role": "user",
        },
      ],
      "model": "gemini-2.0-flash-001",
    },
    "log_id": "g",
    "metadata": {
      "maxOutputTokens": 24,
      "model": "gemini-2.0-flash-001",
      "provider": "google-genai",
      "temperature": 0,
    },
    "metrics": {
      "start": 0,
    },
    "project_id": "<uuid:3>",
    "root_span_id": "<span:2>",
    "span_attributes": {
      "exec_counter": 4,
      "name": "google-genai.generateContent",
      "type": "llm",
    },
    "span_id": "<span:13>",
    "span_parents": [
      "<span:10>",
    ],
  },
  {
    "_is_merge": true,
    "id": "<span:11>",
    "log_id": "g",
    "metrics": {
      "completion_tokens": 16,
      "duration": 0,
      "prompt_tokens": 1299,
      "tokens": 1315,
    },
    "project_id": "<uuid:3>",
    "root_span_id": "<span:2>",
    "span_id": "<span:13>",
    "span_parents": [
      "<span:10>",
    ],
  },
  {
    "_is_merge": true,
    "id": "<span:11>",
    "log_id": "g",
    "output": {
      "candidates": [
        {
          "avgLogprobs": 0,
          "content": {
            "parts": [
              {
                "text": "A tall ship braves a stormy sea with lightning flashing in the background.
",
              },
            ],
            "role": "model",
          },
          "finishReason": "STOP",
        },
      ],
      "modelVersion": "gemini-2.0-flash-001",
      "responseId": "<responseId:14>",
      "sdkHttpResponse": {
        "headers": {
          "alt-svc": "h3=":443"; ma=2592000,h3-29=":443"; ma=2592000",
          "content-encoding": "gzip",
          "content-type": "application/json; charset=UTF-8",
          "date": "<timestamp>",
          "server": "scaffolding on HTTPServer2",
          "server-timing": "<server-timing>",
          "transfer-encoding": "chunked",
          "vary": "Origin, X-Origin, Referer",
          "x-content-type-options": "nosniff",
          "x-frame-options": "SAMEORIGIN",
          "x-xss-protection": "0",
        },
      },
      "usageMetadata": {
        "candidatesTokenCount": 16,
        "candidatesTokensDetails": [
          {
            "modality": "TEXT",
            "tokenCount": 16,
          },
        ],
        "promptTokenCount": 1299,
        "promptTokensDetails": [
          {
            "modality": "IMAGE",
            "tokenCount": 1290,
          },
          {
            "modality": "TEXT",
            "tokenCount": 9,
          },
        ],
        "totalTokenCount": 1315,
      },
    },
    "project_id": "<uuid:3>",
    "root_span_id": "<span:2>",
    "span_id": "<span:13>",
    "span_parents": [
      "<span:10>",
    ],
  },
  {
    "_is_merge": true,
    "id": "<span:11>",
    "log_id": "g",
    "metrics": {
      "end": 0,
    },
    "project_id": "<uuid:3>",
    "root_span_id": "<span:2>",
    "span_id": "<span:13>",
    "span_parents": [
      "<span:10>",
    ],
  },
  {
    "_is_merge": false,
    "context": {
      "caller_filename": "<repo>/e2e/helpers/provider-runtime.mjs",
      "caller_functionname": "runOperation",
      "caller_lineno": 0,
    },
    "created": "<timestamp>",
    "id": "<span:15>",
    "log_id": "g",
    "metadata": {
      "operation": "stream",
      "testRunId": "<run:1>",
    },
    "metrics": {
      "start": 0,
    },
    "project_id": "<uuid:3>",
    "root_span_id": "<span:2>",
    "span_attributes": {
      "exec_counter": 5,
      "name": "google-stream-operation",
    },
    "span_id": "<span:16>",
    "span_parents": [
      "<span:2>",
    ],
  },
  {
    "_is_merge": true,
    "id": "<span:15>",
    "log_id": "g",
    "metrics": {
      "end": 0,
    },
    "project_id": "<uuid:3>",
    "root_span_id": "<span:2>",
    "span_id": "<span:16>",
    "span_parents": [
      "<span:2>",
    ],
  },
  {
    "context": {
      "caller_filename": "<node-internal>",
      "caller_functionname": "<node-internal>",
      "caller_lineno": 0,
    },
    "created": "<timestamp>",
    "id": "<span:17>",
    "input": {
      "config": {
        "maxOutputTokens": 32,
        "temperature": 0,
      },
      "contents": {
        "text": "Count from 1 to 3 and include the words one two three.",
      },
      "model": "gemini-2.0-flash-001",
    },
    "log_id": "g",
    "metadata": {
      "maxOutputTokens": 32,
      "model": "gemini-2.0-flash-001",
      "provider": "google-genai",
      "temperature": 0,
    },
    "metrics": {
      "start": 0,
    },
    "project_id": "<uuid:3>",
    "root_span_id": "<span:2>",
    "span_attributes": {
      "exec_counter": 6,
      "name": "google-genai.generateContentStream",
      "type": "llm",
    },
    "span_id": "<span:18>",
    "span_parents": [
      "<span:16>",
    ],
  },
  {
    "_is_merge": true,
    "id": "<span:17>",
    "log_id": "g",
    "metrics": {
      "completion_tokens": 7,
      "duration": 0,
      "prompt_tokens": 15,
      "time_to_first_token": 0,
      "tokens": 22,
    },
    "project_id": "<uuid:3>",
    "root_span_id": "<span:2>",
    "span_id": "<span:18>",
    "span_parents": [
      "<span:16>",
    ],
  },
  {
    "_is_merge": true,
    "id": "<span:17>",
    "log_id": "g",
    "output": {
      "candidates": [
        {
          "content": {
            "parts": [
              {
                "text": "One, two, three.
",
              },
            ],
            "role": "model",
          },
          "finishReason": "STOP",
        },
      ],
      "text": "One, two, three.
",
      "usageMetadata": {
        "candidatesTokenCount": 7,
        "candidatesTokensDetails": [
          {
            "modality": "TEXT",
            "tokenCount": 7,
          },
        ],
        "promptTokenCount": 15,
        "promptTokensDetails": [
          {
            "modality": "TEXT",
            "tokenCount": 15,
          },
        ],
        "totalTokenCount": 22,
      },
    },
    "project_id": "<uuid:3>",
    "root_span_id": "<span:2>",
    "span_id": "<span:18>",
    "span_parents": [
      "<span:16>",
    ],
  },
  {
    "_is_merge": true,
    "id": "<span:17>",
    "log_id": "g",
    "metrics": {
      "end": 0,
    },
    "project_id": "<uuid:3>",
    "root_span_id": "<span:2>",
    "span_id": "<span:18>",
    "span_parents": [
      "<span:16>",
    ],
  },
  {
    "_is_merge": false,
    "context": {
      "caller_filename": "<repo>/e2e/helpers/provider-runtime.mjs",
      "caller_functionname": "runOperation",
      "caller_lineno": 0,
    },
    "created": "<timestamp>",
    "id": "<span:19>",
    "log_id": "g",
    "metadata": {
      "operation": "stream-return",
      "testRunId": "<run:1>",
    },
    "metrics": {
      "start": 0,
    },
    "project_id": "<uuid:3>",
    "root_span_id": "<span:2>",
    "span_attributes": {
      "exec_counter": 7,
      "name": "google-stream-return-operation",
    },
    "span_id": "<span:20>",
    "span_parents": [
      "<span:2>",
    ],
  },
  {
    "_is_merge": true,
    "id": "<span:19>",
    "log_id": "g",
    "metrics": {
      "end": 0,
    },
    "project_id": "<uuid:3>",
    "root_span_id": "<span:2>",
    "span_id": "<span:20>",
    "span_parents": [
      "<span:2>",
    ],
  },
  {
    "context": {
      "caller_filename": "<node-internal>",
      "caller_functionname": "<node-internal>",
      "caller_lineno": 0,
    },
    "created": "<timestamp>",
    "id": "<span:21>",
    "input": {
      "config": {
        "maxOutputTokens": 48,
        "temperature": 0,
      },
      "contents": {
        "text": "Write a short poem about Paris.",
      },
      "model": "gemini-2.0-flash-001",
    },
    "log_id": "g",
    "metadata": {
      "maxOutputTokens": 48,
      "model": "gemini-2.0-flash-001",
      "provider": "google-genai",
      "temperature": 0,
    },
    "metrics": {
      "start": 0,
    },
    "project_id": "<uuid:3>",
    "root_span_id": "<span:2>",
    "span_attributes": {
      "exec_counter": 8,
      "name": "google-genai.generateContentStream",
      "type": "llm",
    },
    "span_id": "<span:22>",
    "span_parents": [
      "<span:20>",
    ],
  },
  {
    "_is_merge": true,
    "id": "<span:21>",
    "log_id": "g",
    "metrics": {
      "duration": 0,
      "prompt_tokens": 8,
      "time_to_first_token": 0,
      "tokens": 8,
    },
    "project_id": "<uuid:3>",
    "root_span_id": "<span:2>",
    "span_id": "<span:22>",
    "span_parents": [
      "<span:20>",
    ],
  },
  {
    "_is_merge": true,
    "id": "<span:21>",
    "log_id": "g",
    "output": {
      "candidates": [
        {
          "content": {
            "parts": [
              {
                "text": "City",
              },
            ],
            "role": "model",
          },
        },
      ],
      "text": "City",
      "usageMetadata": {
        "promptTokenCount": 8,
        "promptTokensDetails": [
          {
            "modality": "TEXT",
            "tokenCount": 8,
          },
        ],
        "totalTokenCount": 8,
      },
    },
    "project_id": "<uuid:3>",
    "root_span_id": "<span:2>",
    "span_id": "<span:22>",
    "span_parents": [
      "<span:20>",
    ],
  },
  {
    "_is_merge": true,
    "id": "<span:21>",
    "log_id": "g",
    "metrics": {
      "end": 0,
    },
    "project_id": "<uuid:3>",
    "root_span_id": "<span:2>",
    "span_id": "<span:22>",
    "span_parents": [
      "<span:20>",
    ],
  },
  {
    "_is_merge": false,
    "context": {
      "caller_filename": "<repo>/e2e/helpers/provider-runtime.mjs",
      "caller_functionname": "runOperation",
      "caller_lineno": 0,
    },
    "created": "<timestamp>",
    "id": "<span:23>",
    "log_id": "g",
    "metadata": {
      "operation": "tool",
      "testRunId": "<run:1>",
    },
    "metrics": {
      "start": 0,
    },
    "project_id": "<uuid:3>",
    "root_span_id": "<span:2>",
    "span_attributes": {
      "exec_counter": 9,
      "name": "google-tool-operation",
    },
    "span_id": "<span:24>",
    "span_parents": [
      "<span:2>",
    ],
  },
  {
    "_is_merge": true,
    "id": "<span:23>",
    "log_id": "g",
    "metrics": {
      "end": 0,
    },
    "project_id": "<uuid:3>",
    "root_span_id": "<span:2>",
    "span_id": "<span:24>",
    "span_parents": [
      "<span:2>",
    ],
  },
  {
    "context": {
      "caller_filename": "<node-internal>",
      "caller_functionname": "<node-internal>",
      "caller_lineno": 0,
    },
    "created": "<timestamp>",
    "id": "<span:25>",
    "input": {
      "config": {
        "maxOutputTokens": 128,
        "temperature": 0,
        "toolConfig": {
          "functionCallingConfig": {
            "allowedFunctionNames": [
              "get_weather",
            ],
            "mode": "ANY",
          },
        },
        "tools": [
          {
            "functionDeclarations": [
              {
                "description": "Get the current weather in a given location",
                "name": "get_weather",
                "parametersJsonSchema": {
                  "properties": {
                    "location": {
                      "description": "The city and state or city and country",
                      "type": "string",
                    },
                  },
                  "required": [
                    "location",
                  ],
                  "type": "object",
                },
              },
            ],
          },
        ],
      },
      "contents": {
        "text": "Use the get_weather function for Paris, France. Do not answer from memory.",
      },
      "model": "gemini-2.0-flash-001",
    },
    "log_id": "g",
    "metadata": {
      "maxOutputTokens": 128,
      "model": "gemini-2.0-flash-001",
      "provider": "google-genai",
      "temperature": 0,
      "toolConfig": {
        "functionCallingConfig": {
          "allowedFunctionNames": [
            "get_weather",
          ],
          "mode": "ANY",
        },
      },
    },
    "metrics": {
      "start": 0,
    },
    "project_id": "<uuid:3>",
    "root_span_id": "<span:2>",
    "span_attributes": {
      "exec_counter": 10,
      "name": "google-genai.generateContent",
      "type": "llm",
    },
    "span_id": "<span:26>",
    "span_parents": [
      "<span:24>",
    ],
  },
  {
    "_is_merge": true,
    "id": "<span:25>",
    "log_id": "g",
    "metrics": {
      "completion_tokens": 7,
      "duration": 0,
      "prompt_tokens": 28,
      "tokens": 35,
    },
    "project_id": "<uuid:3>",
    "root_span_id": "<span:2>",
    "span_id": "<span:26>",
    "span_parents": [
      "<span:24>",
    ],
  },
  {
    "_is_merge": true,
    "id": "<span:25>",
    "log_id": "g",
    "output": {
      "candidates": [
        {
          "avgLogprobs": 0,
          "content": {
            "parts": [
              {
                "functionCall": {
                  "args": {
                    "location": "Paris, France",
                  },
                  "name": "get_weather",
                },
              },
            ],
            "role": "model",
          },
          "finishReason": "STOP",
        },
      ],
      "modelVersion": "gemini-2.0-flash-001",
      "responseId": "<responseId:27>",
      "sdkHttpResponse": {
        "headers": {
          "alt-svc": "h3=":443"; ma=2592000,h3-29=":443"; ma=2592000",
          "content-encoding": "gzip",
          "content-type": "application/json; charset=UTF-8",
          "date": "<timestamp>",
          "server": "scaffolding on HTTPServer2",
          "server-timing": "<server-timing>",
          "transfer-encoding": "chunked",
          "vary": "Origin, X-Origin, Referer",
          "x-content-type-options": "nosniff",
          "x-frame-options": "SAMEORIGIN",
          "x-xss-protection": "0",
        },
      },
      "usageMetadata": {
        "candidatesTokenCount": 7,
        "candidatesTokensDetails": [
          {
            "modality": "TEXT",
            "tokenCount": 7,
          },
        ],
        "promptTokenCount": 28,
        "promptTokensDetails": [
          {
            "modality": "TEXT",
            "tokenCount": 28,
          },
        ],
        "totalTokenCount": 35,
      },
    },
    "project_id": "<uuid:3>",
    "root_span_id": "<span:2>",
    "span_id": "<span:26>",
    "span_parents": [
      "<span:24>",
    ],
  },
  {
    "_is_merge": true,
    "id": "<span:25>",
    "log_id": "g",
    "metrics": {
      "end": 0,
    },
    "project_id": "<uuid:3>",
    "root_span_id": "<span:2>",
    "span_id": "<span:26>",
    "span_parents": [
      "<span:24>",
    ],
  },
]
`;

exports[`google genai auto-instrumentation via node hook collects the shared google genai trace contract > span-events 1`] = `
[
  {
    "has_input": false,
    "has_output": false,
    "metadata": {
      "scenario": "google-genai-auto-instrumentation-node-hook",
    },
    "metric_keys": [],
    "name": "google-genai-auto-hook-root",
    "root_span_id": "<span:1>",
    "span_id": "<span:1>",
    "span_parents": [],
    "type": "task",
  },
  {
    "has_input": false,
    "has_output": false,
    "metadata": {
      "operation": "generate",
    },
    "metric_keys": [],
    "name": "google-generate-operation",
    "root_span_id": "<span:1>",
    "span_id": "<span:2>",
    "span_parents": [
      "<span:1>",
    ],
    "type": null,
  },
  {
    "has_input": true,
    "has_output": true,
    "metadata": {
      "model": "gemini-2.0-flash-001",
    },
    "metric_keys": [
      "completion_tokens",
      "duration",
      "prompt_tokens",
      "tokens",
    ],
    "name": "google-genai.generateContent",
    "root_span_id": "<span:1>",
    "span_id": "<span:3>",
    "span_parents": [
      "<span:2>",
    ],
    "type": "llm",
  },
  {
    "has_input": false,
    "has_output": false,
    "metadata": {
      "operation": "attachment",
    },
    "metric_keys": [],
    "name": "google-attachment-operation",
    "root_span_id": "<span:1>",
    "span_id": "<span:4>",
    "span_parents": [
      "<span:1>",
    ],
    "type": null,
  },
  {
    "has_input": true,
    "has_output": true,
    "metadata": {
      "model": "gemini-2.0-flash-001",
    },
    "metric_keys": [
      "completion_tokens",
      "duration",
      "prompt_tokens",
      "tokens",
    ],
    "name": "google-genai.generateContent",
    "root_span_id": "<span:1>",
    "span_id": "<span:5>",
    "span_parents": [
      "<span:4>",
    ],
    "type": "llm",
  },
  {
    "has_input": false,
    "has_output": false,
    "metadata": {
      "operation": "stream",
    },
    "metric_keys": [],
    "name": "google-stream-operation",
    "root_span_id": "<span:1>",
    "span_id": "<span:6>",
    "span_parents": [
      "<span:1>",
    ],
    "type": null,
  },
  {
    "has_input": true,
    "has_output": true,
    "metadata": {
      "model": "gemini-2.0-flash-001",
    },
    "metric_keys": [
      "completion_tokens",
      "duration",
      "prompt_tokens",
      "time_to_first_token",
      "tokens",
    ],
    "name": "google-genai.generateContentStream",
    "root_span_id": "<span:1>",
    "span_id": "<span:7>",
    "span_parents": [
      "<span:6>",
    ],
    "type": "llm",
  },
  {
    "has_input": false,
    "has_output": false,
    "metadata": {
      "operation": "stream-return",
    },
    "metric_keys": [],
    "name": "google-stream-return-operation",
    "root_span_id": "<span:1>",
    "span_id": "<span:8>",
    "span_parents": [
      "<span:1>",
    ],
    "type": null,
  },
  {
    "has_input": true,
    "has_output": true,
    "metadata": {
      "model": "gemini-2.0-flash-001",
    },
    "metric_keys": [
      "duration",
      "prompt_tokens",
      "time_to_first_token",
      "tokens",
    ],
    "name": "google-genai.generateContentStream",
    "root_span_id": "<span:1>",
    "span_id": "<span:9>",
    "span_parents": [
      "<span:8>",
    ],
    "type": "llm",
  },
  {
    "has_input": false,
    "has_output": false,
    "metadata": {
      "operation": "tool",
    },
    "metric_keys": [],
    "name": "google-tool-operation",
    "root_span_id": "<span:1>",
    "span_id": "<span:10>",
    "span_parents": [
      "<span:1>",
    ],
    "type": null,
  },
  {
    "has_input": true,
    "has_output": true,
    "metadata": {
      "model": "gemini-2.0-flash-001",
    },
    "metric_keys": [
      "completion_tokens",
      "duration",
      "prompt_tokens",
      "tokens",
    ],
    "name": "google-genai.generateContent",
    "root_span_id": "<span:1>",
    "span_id": "<span:11>",
    "span_parents": [
      "<span:10>",
    ],
    "type": "llm",
  },
]
`;
