// Vitest Snapshot v1, https://vitest.dev/guide/snapshot.html

exports[`ai sdk telemetry integration traces > creates expected trace tree 1`] = `
[
  {
    "has_error": false,
    "has_input": true,
    "has_output": true,
    "metadata_keys": [
      "braintrust",
      "model",
      "provider",
      "user",
    ],
    "metric_keys": [],
    "name": "custom-generate-name",
    "type": "llm",
  },
  {
    "has_error": false,
    "has_input": true,
    "has_output": true,
    "metadata_keys": [
      "model",
      "provider",
      "stepNumber",
    ],
    "metric_keys": [],
    "name": "step-0",
    "type": "llm",
  },
  {
    "has_error": false,
    "has_input": true,
    "has_output": true,
    "metadata_keys": [
      "braintrust",
      "model",
      "provider",
    ],
    "metric_keys": [],
    "name": "custom-stream-name",
    "type": "llm",
  },
  {
    "has_error": false,
    "has_input": true,
    "has_output": true,
    "metadata_keys": [
      "model",
      "provider",
      "stepNumber",
    ],
    "metric_keys": [
      "time_to_first_token",
    ],
    "name": "step-0",
    "type": "llm",
  },
  {
    "has_error": false,
    "has_input": true,
    "has_output": true,
    "metadata_keys": [
      "braintrust",
      "model",
      "provider",
    ],
    "metric_keys": [],
    "name": "tool-call-generate",
    "type": "llm",
  },
  {
    "has_error": false,
    "has_input": true,
    "has_output": true,
    "metadata_keys": [
      "model",
      "provider",
      "stepNumber",
    ],
    "metric_keys": [],
    "name": "step-0",
    "type": "llm",
  },
  {
    "has_error": false,
    "has_input": true,
    "has_output": true,
    "metadata_keys": [
      "toolCallId",
    ],
    "metric_keys": [
      "duration",
    ],
    "name": "get_weather",
    "type": "tool",
  },
  {
    "has_error": false,
    "has_input": true,
    "has_output": true,
    "metadata_keys": [
      "model",
      "provider",
      "stepNumber",
    ],
    "metric_keys": [],
    "name": "step-1",
    "type": "llm",
  },
  {
    "has_error": true,
    "has_input": true,
    "has_output": false,
    "metadata_keys": [
      "braintrust",
      "model",
      "provider",
    ],
    "metric_keys": [],
    "name": "error-generate",
    "type": "llm",
  },
  {
    "has_error": true,
    "has_input": true,
    "has_output": false,
    "metadata_keys": [
      "model",
      "provider",
      "stepNumber",
    ],
    "metric_keys": [],
    "name": "step-0",
    "type": "llm",
  },
]
`;
